main.c:80:6:setTimer0	16	static
main.c:88:6:setTimer1	16	static
main.c:95:6:setTimer2	16	static
main.c:100:6:timer_run	4	static
main.c:124:5:main	8	static
main.c:196:6:SystemClock_Config	72	static
main.c:232:13:MX_TIM2_Init	32	static
main.c:277:13:MX_GPIO_Init	32	static
main.c:326:6:HAL_TIM_PeriodElapsedCallback	16	static
main.c:330:6:display7SEG	16	static
main.c:388:6:update7SEG	16	static
main.c:425:6:updateClockBuffer	4	static
main.c:432:6:displayLEDMatrix	16	static
main.c:461:6:updateLEDMatrix	24	static
main.c:507:6:Error_Handler	4	static,ignoring_inline_asm
